MPLINK 5.09, LINKER
Linker Map File - Created Wed Sep 25 23:12:58 2024

                                 Section Info
                  Section       Type    Address   Location Size(Bytes)
                ---------  ---------  ---------  ---------  ---------
                   .org_0       code   0x000000    program   0x000042
                   .cinit    romdata   0x000042    program   0x000002
.config_300001_BUILD/DEFAULT/PRODUCTION/BASIC.O    romdata   0x300001    program   0x000001
.config_300003_BUILD/DEFAULT/PRODUCTION/BASIC.O    romdata   0x300003    program   0x000001



                              Program Memory Usage 
                               Start         End      
                           ---------   ---------      
                            0x000000    0x000043      
                            0x300001    0x300001      
                            0x300003    0x300003      
            70 out of 33048 program addresses used, program memory utilization is 0%



                              Symbols - Sorted by Name
                     Name    Address   Location    Storage File                     
                ---------  ---------  ---------  --------- ---------                
                    check   0x00003c    program     static C:\Users\nknk0\MPLABXProjects\lab02.X\basic.asm
                even_loop   0x000020    program     static C:\Users\nknk0\MPLABXProjects\lab02.X\basic.asm
              loop_select   0x000016    program     static C:\Users\nknk0\MPLABXProjects\lab02.X\basic.asm
                 odd_loop   0x00002e    program     static C:\Users\nknk0\MPLABXProjects\lab02.X\basic.asm



                              Symbols - Sorted by Address
                     Name    Address   Location    Storage File                     
                ---------  ---------  ---------  --------- ---------                
              loop_select   0x000016    program     static C:\Users\nknk0\MPLABXProjects\lab02.X\basic.asm
                even_loop   0x000020    program     static C:\Users\nknk0\MPLABXProjects\lab02.X\basic.asm
                 odd_loop   0x00002e    program     static C:\Users\nknk0\MPLABXProjects\lab02.X\basic.asm
                    check   0x00003c    program     static C:\Users\nknk0\MPLABXProjects\lab02.X\basic.asm


