MPLINK 5.09, LINKER
Linker Map File - Created Mon Nov 11 08:05:36 2024

                                 Section Info
                  Section       Type    Address   Location Size(Bytes)
                ---------  ---------  ---------  ---------  ---------
                   .org_0       code   0x000000    program   0x000072
                   .cinit    romdata   0x000072    program   0x000002
.config_300001_BUILD/DEFAULT/DEBUG/BONUS.O    romdata   0x300001    program   0x000001
.config_300003_BUILD/DEFAULT/DEBUG/BONUS.O    romdata   0x300003    program   0x000001



                              Program Memory Usage 
                               Start         End      
                           ---------   ---------      
                            0x000000    0x000073      
                            0x300001    0x300001      
                            0x300003    0x300003      
            118 out of 33048 program addresses used, program memory utilization is 0%



                              Symbols - Sorted by Name
                     Name    Address   Location    Storage File                     
                ---------  ---------  ---------  --------- ---------                
               check_high   0x00000c    program     static C:\Users\nknk0\MPLABXProjects\lab03.X\bonus.asm
                check_low   0x00002a    program     static C:\Users\nknk0\MPLABXProjects\lab03.X\bonus.asm
                  end_tag   0x000072    program     static C:\Users\nknk0\MPLABXProjects\lab03.X\bonus.asm
                high_loop   0x000016    program     static C:\Users\nknk0\MPLABXProjects\lab03.X\bonus.asm
                 low_loop   0x000038    program     static C:\Users\nknk0\MPLABXProjects\lab03.X\bonus.asm
                  total_h   0x00004c    program     static C:\Users\nknk0\MPLABXProjects\lab03.X\bonus.asm
                  total_l   0x000062    program     static C:\Users\nknk0\MPLABXProjects\lab03.X\bonus.asm



                              Symbols - Sorted by Address
                     Name    Address   Location    Storage File                     
                ---------  ---------  ---------  --------- ---------                
               check_high   0x00000c    program     static C:\Users\nknk0\MPLABXProjects\lab03.X\bonus.asm
                high_loop   0x000016    program     static C:\Users\nknk0\MPLABXProjects\lab03.X\bonus.asm
                check_low   0x00002a    program     static C:\Users\nknk0\MPLABXProjects\lab03.X\bonus.asm
                 low_loop   0x000038    program     static C:\Users\nknk0\MPLABXProjects\lab03.X\bonus.asm
                  total_h   0x00004c    program     static C:\Users\nknk0\MPLABXProjects\lab03.X\bonus.asm
                  total_l   0x000062    program     static C:\Users\nknk0\MPLABXProjects\lab03.X\bonus.asm
                  end_tag   0x000072    program     static C:\Users\nknk0\MPLABXProjects\lab03.X\bonus.asm


