MPLINK 5.09, LINKER
Linker Map File - Created Sat Nov 09 09:18:11 2024

                                 Section Info
                  Section       Type    Address   Location Size(Bytes)
                ---------  ---------  ---------  ---------  ---------
                   .org_0       code   0x000000    program   0x000040
                   .cinit    romdata   0x000040    program   0x000002
.config_300001_BUILD/DEFAULT/PRODUCTION/HW1_BAS    romdata   0x300001    program   0x000001
.config_300003_BUILD/DEFAULT/PRODUCTION/HW1_BAS    romdata   0x300003    program   0x000001



                              Program Memory Usage 
                               Start         End      
                           ---------   ---------      
                            0x000000    0x000041      
                            0x300001    0x300001      
                            0x300003    0x300003      
            68 out of 33048 program addresses used, program memory utilization is 0%



                              Symbols - Sorted by Name
                     Name    Address   Location    Storage File                     
                ---------  ---------  ---------  --------- ---------                
                   End_if   0x00003e    program     static C:\Users\nknk0\MPLABXProjects\lab01.X\hw1_basic.asm
         check_if_greater   0x00002c    program     static C:\Users\nknk0\MPLABXProjects\lab01.X\hw1_basic.asm
                  smaller   0x00003a    program     static C:\Users\nknk0\MPLABXProjects\lab01.X\hw1_basic.asm
                    start   0x00001c    program     static C:\Users\nknk0\MPLABXProjects\lab01.X\hw1_basic.asm



                              Symbols - Sorted by Address
                     Name    Address   Location    Storage File                     
                ---------  ---------  ---------  --------- ---------                
                    start   0x00001c    program     static C:\Users\nknk0\MPLABXProjects\lab01.X\hw1_basic.asm
         check_if_greater   0x00002c    program     static C:\Users\nknk0\MPLABXProjects\lab01.X\hw1_basic.asm
                  smaller   0x00003a    program     static C:\Users\nknk0\MPLABXProjects\lab01.X\hw1_basic.asm
                   End_if   0x00003e    program     static C:\Users\nknk0\MPLABXProjects\lab01.X\hw1_basic.asm


