MPLINK 5.09, LINKER
Linker Map File - Created Mon Nov 11 00:30:10 2024

                                 Section Info
                  Section       Type    Address   Location Size(Bytes)
                ---------  ---------  ---------  ---------  ---------
                   .org_0       code   0x000000    program   0x00007a
                   .cinit    romdata   0x00007a    program   0x000002
.config_300001_BUILD/DEFAULT/DEBUG/BONUS.O    romdata   0x300001    program   0x000001
.config_300003_BUILD/DEFAULT/DEBUG/BONUS.O    romdata   0x300003    program   0x000001



                              Program Memory Usage 
                               Start         End      
                           ---------   ---------      
                            0x000000    0x00007b      
                            0x300001    0x300001      
                            0x300003    0x300003      
            126 out of 33048 program addresses used, program memory utilization is 0%



                              Symbols - Sorted by Name
                     Name    Address   Location    Storage File                     
                ---------  ---------  ---------  --------- ---------                
                    check   0x000034    program     static C:\Users\nknk0\MPLABXProjects\lab02.X\bonus.asm
                 check_2b   0x000040    program     static C:\Users\nknk0\MPLABXProjects\lab02.X\bonus.asm
                  end_tag   0x000078    program     static C:\Users\nknk0\MPLABXProjects\lab02.X\bonus.asm
                     find   0x000068    program     static C:\Users\nknk0\MPLABXProjects\lab02.X\bonus.asm
                ftwocheck   0x00005c    program     static C:\Users\nknk0\MPLABXProjects\lab02.X\bonus.asm
                     loop   0x00002c    program     static C:\Users\nknk0\MPLABXProjects\lab02.X\bonus.asm
                 not_find   0x000070    program     static C:\Users\nknk0\MPLABXProjects\lab02.X\bonus.asm
                    small   0x000052    program     static C:\Users\nknk0\MPLABXProjects\lab02.X\bonus.asm



                              Symbols - Sorted by Address
                     Name    Address   Location    Storage File                     
                ---------  ---------  ---------  --------- ---------                
                     loop   0x00002c    program     static C:\Users\nknk0\MPLABXProjects\lab02.X\bonus.asm
                    check   0x000034    program     static C:\Users\nknk0\MPLABXProjects\lab02.X\bonus.asm
                 check_2b   0x000040    program     static C:\Users\nknk0\MPLABXProjects\lab02.X\bonus.asm
                    small   0x000052    program     static C:\Users\nknk0\MPLABXProjects\lab02.X\bonus.asm
                ftwocheck   0x00005c    program     static C:\Users\nknk0\MPLABXProjects\lab02.X\bonus.asm
                     find   0x000068    program     static C:\Users\nknk0\MPLABXProjects\lab02.X\bonus.asm
                 not_find   0x000070    program     static C:\Users\nknk0\MPLABXProjects\lab02.X\bonus.asm
                  end_tag   0x000078    program     static C:\Users\nknk0\MPLABXProjects\lab02.X\bonus.asm


